/*C3*/SET SCHEMA PUBLIC
INSERT INTO ALUNOS VALUES(1,'aaa','2024-03-07',1000.00)
COMMIT
DISCONNECT
/*C4*/SET SCHEMA PUBLIC
DELETE FROM ALUNOS WHERE RA=1
COMMIT
DISCONNECT
/*C5*/SET SCHEMA PUBLIC
DELETE FROM ALUNOS WHERE RA=111
INSERT INTO ALUNOS VALUES(111,'aaa','2024-03-07',1000.00)
COMMIT
DISCONNECT
/*C2*/SET SCHEMA PUBLIC
INSERT INTO ALUNOS VALUES(333,'ccc','2003-03-03',3000.00)
COMMIT
INSERT INTO ALUNOS VALUES(444,'ddd','2004-04-04',4000.00)
COMMIT
INSERT INTO ALUNOS VALUES(555,'eee','2005-05-05',5000.00)
COMMIT
/*C6*/SET SCHEMA PUBLIC
DISCONNECT
/*C7*/SET SCHEMA PUBLIC
DISCONNECT
/*C8*/SET SCHEMA PUBLIC
DISCONNECT
/*C9*/SET SCHEMA PUBLIC
DISCONNECT
